<?xml version="1.0" encoding="utf-8"?>
<TestRun id="245c475f-8462-4859-9e02-3594b1f5be2c" name="MatheusMartins@DESKTOP-H9DM97K 2025-06-20 16:59:16" runUser="DESKTOP-H9DM97K\MatheusMartins" xmlns="http://microsoft.com/schemas/VisualStudio/TeamTest/2010">
  <Times creation="2025-06-20T16:59:16.3811001-03:00" queuing="2025-06-20T16:59:16.3811005-03:00" start="2025-06-20T16:59:14.5896603-03:00" finish="2025-06-20T16:59:16.4354005-03:00" />
  <TestSettings name="default" id="a6c36650-76dd-4bb3-9848-6ab85e006997">
    <Deployment runDeploymentRoot="MatheusMartins_DESKTOP-H9DM97K_2025-06-20_16_59_16" />
  </TestSettings>
  <Results>
    <UnitTestResult executionId="ae368197-39b5-4c00-865e-d71768636a59" testId="6791cb98-5df5-f305-9733-ebc0af69fefa" testName="GameGuild.Tests.Modules.Project.Unit.Services.ProjectPermissionTests.ProjectPermission_CanDownload_ShouldReturnTrueWhenHasReadPermissionAndValid" computerName="DESKTOP-H9DM97K" duration="00:00:00.0000758" startTime="2025-06-20T16:59:16.3247777-03:00" endTime="2025-06-20T16:59:16.3247778-03:00" testType="13cdc9d9-ddb5-4fa4-a97d-d965ccfc6d4b" outcome="Passed" testListId="8c84fa94-04c1-424b-9868-57a2d4851a1d" relativeResultsDirectory="ae368197-39b5-4c00-865e-d71768636a59" />
    <UnitTestResult executionId="f190a107-5dac-45b7-a5d5-6a4adaca53f7" testId="13b162c1-df88-ec28-07b6-7519e8aefc18" testName="GameGuild.Tests.Modules.Project.Unit.Services.ProjectPermissionTests.ProjectPermission_CanFork_ShouldReturnTrueWhenHasClonePermissionAndValid" computerName="DESKTOP-H9DM97K" duration="00:00:00.0000733" startTime="2025-06-20T16:59:16.3528460-03:00" endTime="2025-06-20T16:59:16.3528460-03:00" testType="13cdc9d9-ddb5-4fa4-a97d-d965ccfc6d4b" outcome="Passed" testListId="8c84fa94-04c1-424b-9868-57a2d4851a1d" relativeResultsDirectory="f190a107-5dac-45b7-a5d5-6a4adaca53f7" />
    <UnitTestResult executionId="d32d5a51-e552-4a7d-9708-4d4eaa7ce8db" testId="3ff54c73-51b6-44f7-9c44-a7d9d60ecdc3" testName="GameGuild.Tests.Modules.Project.Unit.Services.ProjectPermissionTests.ProjectPermission_CanEdit_ShouldReturnTrueWhenHasEditPermissionAndValid" computerName="DESKTOP-H9DM97K" duration="00:00:00.0000816" startTime="2025-06-20T16:59:16.3247044-03:00" endTime="2025-06-20T16:59:16.3247045-03:00" testType="13cdc9d9-ddb5-4fa4-a97d-d965ccfc6d4b" outcome="Passed" testListId="8c84fa94-04c1-424b-9868-57a2d4851a1d" relativeResultsDirectory="d32d5a51-e552-4a7d-9708-4d4eaa7ce8db" />
    <UnitTestResult executionId="bb6a8a8a-f2b9-4332-8561-84cd02ac0542" testId="7ab17cb0-c77d-c86b-ed42-cbc47482d862" testName="GameGuild.Tests.Modules.Project.Unit.Services.ProjectPermissionTests.ProjectPermission_CanCreateReleases_ShouldReturnTrueWhenHasCreatePermissionAndValid" computerName="DESKTOP-H9DM97K" duration="00:00:00.0000779" startTime="2025-06-20T16:59:16.3527733-03:00" endTime="2025-06-20T16:59:16.3527734-03:00" testType="13cdc9d9-ddb5-4fa4-a97d-d965ccfc6d4b" outcome="Passed" testListId="8c84fa94-04c1-424b-9868-57a2d4851a1d" relativeResultsDirectory="bb6a8a8a-f2b9-4332-8561-84cd02ac0542" />
    <UnitTestResult executionId="835be930-1fcf-4559-87b8-e4c14bff0f9a" testId="1d87c287-2713-3e6f-e2e5-cdd40c83cec0" testName="GameGuild.Tests.Modules.Project.Unit.Services.ProjectPermissionTests.ProjectPermission_AllPermissions_ShouldReturnFalseWhenNotValid(permissionType: Edit)" computerName="DESKTOP-H9DM97K" duration="00:00:00.0000087" startTime="2025-06-20T16:59:16.3248505-03:00" endTime="2025-06-20T16:59:16.3248506-03:00" testType="13cdc9d9-ddb5-4fa4-a97d-d965ccfc6d4b" outcome="Passed" testListId="8c84fa94-04c1-424b-9868-57a2d4851a1d" relativeResultsDirectory="835be930-1fcf-4559-87b8-e4c14bff0f9a" />
    <UnitTestResult executionId="8806cc3b-4a44-4b84-80c3-266239347cf2" testId="31a42d80-3baa-67d8-1c75-6ed8c6843f5d" testName="GameGuild.Tests.Modules.Project.Unit.Services.ProjectPermissionTests.ProjectPermission_AllPermissions_ShouldReturnFalseWhenNotValid(permissionType: Delete)" computerName="DESKTOP-H9DM97K" duration="00:00:00.0004137" startTime="2025-06-20T16:59:16.3248049-03:00" endTime="2025-06-20T16:59:16.3248049-03:00" testType="13cdc9d9-ddb5-4fa4-a97d-d965ccfc6d4b" outcome="Passed" testListId="8c84fa94-04c1-424b-9868-57a2d4851a1d" relativeResultsDirectory="8806cc3b-4a44-4b84-80c3-266239347cf2" />
    <UnitTestResult executionId="9784c8aa-404b-4f2f-a634-051eb3f02820" testId="cb942995-8097-3cac-c7fb-4c2ce5cc0934" testName="GameGuild.Tests.Modules.Project.Unit.Services.ProjectPermissionTests.ProjectPermission_ShouldInheritFromResourcePermission" computerName="DESKTOP-H9DM97K" duration="00:00:00.0002394" startTime="2025-06-20T16:59:16.3529447-03:00" endTime="2025-06-20T16:59:16.3529448-03:00" testType="13cdc9d9-ddb5-4fa4-a97d-d965ccfc6d4b" outcome="Passed" testListId="8c84fa94-04c1-424b-9868-57a2d4851a1d" relativeResultsDirectory="9784c8aa-404b-4f2f-a634-051eb3f02820" />
    <UnitTestResult executionId="41070186-ae4c-4761-9051-7bc48bf55a24" testId="e653e889-0fb1-bdd5-cdd8-ff024c113bf4" testName="GameGuild.Tests.Modules.Project.Unit.Services.ProjectPermissionTests.ProjectPermission_CanPublish_ShouldReturnTrueWhenHasPublishPermissionAndValid" computerName="DESKTOP-H9DM97K" duration="00:00:00.0000727" startTime="2025-06-20T16:59:16.3529176-03:00" endTime="2025-06-20T16:59:16.3529177-03:00" testType="13cdc9d9-ddb5-4fa4-a97d-d965ccfc6d4b" outcome="Passed" testListId="8c84fa94-04c1-424b-9868-57a2d4851a1d" relativeResultsDirectory="41070186-ae4c-4761-9051-7bc48bf55a24" />
    <UnitTestResult executionId="108bf529-b3b8-42ba-9869-73708ecc1adc" testId="a3ccddb9-b40f-612f-f4ec-2b12c328a78e" testName="GameGuild.Tests.Modules.Project.Unit.Services.ProjectPermissionTests.ProjectPermission_CanEdit_ShouldReturnFalseWhenInvalid" computerName="DESKTOP-H9DM97K" duration="00:00:00.0000798" startTime="2025-06-20T16:59:16.3528791-03:00" endTime="2025-06-20T16:59:16.3528791-03:00" testType="13cdc9d9-ddb5-4fa4-a97d-d965ccfc6d4b" outcome="Passed" testListId="8c84fa94-04c1-424b-9868-57a2d4851a1d" relativeResultsDirectory="108bf529-b3b8-42ba-9869-73708ecc1adc" />
    <UnitTestResult executionId="75e475ca-c8ef-4bf1-a02a-b394a42342cc" testId="cf422caa-ae88-777c-c0e9-7f66ca103833" testName="GameGuild.Tests.Modules.Project.Unit.Services.ProjectPermissionTests.ProjectPermission_CanViewAnalytics_ShouldReturnTrueWhenHasAnalyticsPermissionAndValid" computerName="DESKTOP-H9DM97K" duration="00:00:00.0000455" startTime="2025-06-20T16:59:16.3542133-03:00" endTime="2025-06-20T16:59:16.3542134-03:00" testType="13cdc9d9-ddb5-4fa4-a97d-d965ccfc6d4b" outcome="Passed" testListId="8c84fa94-04c1-424b-9868-57a2d4851a1d" relativeResultsDirectory="75e475ca-c8ef-4bf1-a02a-b394a42342cc" />
    <UnitTestResult executionId="36ce7c63-b3bb-4be8-8fe0-4e67f513d4f8" testId="c9bc91d3-a195-eded-788f-b2a31855c691" testName="GameGuild.Tests.Modules.Project.Unit.Services.ProjectPermissionTests.ProjectPermission_WithMultiplePermissions_ShouldReturnTrueForAll" computerName="DESKTOP-H9DM97K" duration="00:00:00.0042692" startTime="2025-06-20T16:59:16.3207665-03:00" endTime="2025-06-20T16:59:16.3207904-03:00" testType="13cdc9d9-ddb5-4fa4-a97d-d965ccfc6d4b" outcome="Passed" testListId="8c84fa94-04c1-424b-9868-57a2d4851a1d" relativeResultsDirectory="36ce7c63-b3bb-4be8-8fe0-4e67f513d4f8" />
    <UnitTestResult executionId="69515b39-c7d7-4594-8d45-08dc78e1c2c6" testId="aebac770-40a9-81ed-d7b8-ce718bebcc8b" testName="GameGuild.Tests.Modules.Project.Unit.Services.ProjectPermissionTests.ProjectPermission_WhenNoPermissions_ShouldReturnFalseForAllProperties" computerName="DESKTOP-H9DM97K" duration="00:00:00.0000820" startTime="2025-06-20T16:59:16.3529987-03:00" endTime="2025-06-20T16:59:16.3529988-03:00" testType="13cdc9d9-ddb5-4fa4-a97d-d965ccfc6d4b" outcome="Passed" testListId="8c84fa94-04c1-424b-9868-57a2d4851a1d" relativeResultsDirectory="69515b39-c7d7-4594-8d45-08dc78e1c2c6" />
    <UnitTestResult executionId="a0b8ff85-af59-4eb3-8674-6685d93045bd" testId="e5682125-2df6-a281-8b8e-f605a2d4c53f" testName="GameGuild.Tests.Modules.Project.Unit.Services.ProjectPermissionTests.ProjectPermission_CanDelete_ShouldReturnTrueWhenHasDeletePermissionAndValid" computerName="DESKTOP-H9DM97K" duration="00:00:00.0000860" startTime="2025-06-20T16:59:16.3529719-03:00" endTime="2025-06-20T16:59:16.3529720-03:00" testType="13cdc9d9-ddb5-4fa4-a97d-d965ccfc6d4b" outcome="Passed" testListId="8c84fa94-04c1-424b-9868-57a2d4851a1d" relativeResultsDirectory="a0b8ff85-af59-4eb3-8674-6685d93045bd" />
    <UnitTestResult executionId="28b1d0e5-602c-4b4b-a42f-dc658284a043" testId="bca673c3-43f5-88db-6f59-c813f6b390ac" testName="GameGuild.Tests.Modules.Project.Unit.Services.ProjectPermissionTests.ProjectPermission_CanTransferOwnership_ShouldReturnTrueWhenHasLicensePermissionAndValid" computerName="DESKTOP-H9DM97K" duration="00:00:00.0001321" startTime="2025-06-20T16:59:16.3247478-03:00" endTime="2025-06-20T16:59:16.3247478-03:00" testType="13cdc9d9-ddb5-4fa4-a97d-d965ccfc6d4b" outcome="Passed" testListId="8c84fa94-04c1-424b-9868-57a2d4851a1d" relativeResultsDirectory="28b1d0e5-602c-4b4b-a42f-dc658284a043" />
    <UnitTestResult executionId="e1da649d-488a-4d45-8bbf-b24adb0eb48a" testId="5c5d57ac-5ded-fce3-ec66-48df196ae769" testName="GameGuild.Tests.Modules.Project.Unit.Services.ProjectPermissionTests.ProjectPermission_ShouldHaveCorrectTableConfiguration" computerName="DESKTOP-H9DM97K" duration="00:00:00.0009111" startTime="2025-06-20T16:59:16.3528133-03:00" endTime="2025-06-20T16:59:16.3528134-03:00" testType="13cdc9d9-ddb5-4fa4-a97d-d965ccfc6d4b" outcome="Passed" testListId="8c84fa94-04c1-424b-9868-57a2d4851a1d" relativeResultsDirectory="e1da649d-488a-4d45-8bbf-b24adb0eb48a" />
    <UnitTestResult executionId="8d567c28-9400-471a-9427-3b63c5bd959f" testId="e2fcb311-4a33-5cb0-22ee-471bc3a85310" testName="GameGuild.Tests.Modules.Project.Unit.Services.ProjectPermissionTests.ProjectPermission_CanArchive_ShouldReturnTrueWhenHasArchivePermissionAndValid" computerName="DESKTOP-H9DM97K" duration="00:00:00.0000863" startTime="2025-06-20T16:59:16.3246565-03:00" endTime="2025-06-20T16:59:16.3246566-03:00" testType="13cdc9d9-ddb5-4fa4-a97d-d965ccfc6d4b" outcome="Passed" testListId="8c84fa94-04c1-424b-9868-57a2d4851a1d" relativeResultsDirectory="8d567c28-9400-471a-9427-3b63c5bd959f" />
    <UnitTestResult executionId="8beac44f-c053-4aab-9925-72e86240fc19" testId="b1ed952b-0906-9114-cb7d-06c16d26a2f5" testName="GameGuild.Tests.Modules.Project.Unit.Services.ProjectPermissionTests.ProjectPermission_AllPermissions_ShouldReturnFalseWhenNotValid(permissionType: Publish)" computerName="DESKTOP-H9DM97K" duration="00:00:00.0002383" startTime="2025-06-20T16:59:16.3248280-03:00" endTime="2025-06-20T16:59:16.3248280-03:00" testType="13cdc9d9-ddb5-4fa4-a97d-d965ccfc6d4b" outcome="Passed" testListId="8c84fa94-04c1-424b-9868-57a2d4851a1d" relativeResultsDirectory="8beac44f-c053-4aab-9925-72e86240fc19" />
    <UnitTestResult executionId="d92f92fd-54da-40c4-b503-0cf70eba5f1d" testId="1f2150df-b939-f194-603e-ae141495f000" testName="GameGuild.Tests.Modules.Project.Unit.Services.ProjectPermissionTests.ProjectPermission_AllPermissions_ShouldReturnFalseWhenNotValid(permissionType: Read)" computerName="DESKTOP-H9DM97K" duration="00:00:00.0000029" startTime="2025-06-20T16:59:16.3525901-03:00" endTime="2025-06-20T16:59:16.3525904-03:00" testType="13cdc9d9-ddb5-4fa4-a97d-d965ccfc6d4b" outcome="Passed" testListId="8c84fa94-04c1-424b-9868-57a2d4851a1d" relativeResultsDirectory="d92f92fd-54da-40c4-b503-0cf70eba5f1d" />
    <UnitTestResult executionId="0af60e31-f7ec-4cac-9ff4-213334528e99" testId="ccf4a042-e2b6-b6a4-d260-2ec5ec4ae20d" testName="GameGuild.Tests.Modules.Project.Unit.Services.ProjectPermissionTests.ProjectPermission_CanManageCollaborators_ShouldReturnTrueWhenHasSharePermissionAndValid" computerName="DESKTOP-H9DM97K" duration="00:00:00.0000504" startTime="2025-06-20T16:59:16.3542583-03:00" endTime="2025-06-20T16:59:16.3542583-03:00" testType="13cdc9d9-ddb5-4fa4-a97d-d965ccfc6d4b" outcome="Passed" testListId="8c84fa94-04c1-424b-9868-57a2d4851a1d" relativeResultsDirectory="0af60e31-f7ec-4cac-9ff4-213334528e99" />
    <UnitTestResult executionId="5b8d2ad4-52c8-435e-a3a6-d17f943a8578" testId="2bbabc27-39bd-78de-9bcc-47f7ccae0357" testName="GameGuild.Tests.Modules.Project.Unit.Services.ProjectPermissionTests.ProjectPermission_CanModerate_ShouldReturnTrueWhenHasReviewPermissionAndValid" computerName="DESKTOP-H9DM97K" duration="00:00:00.0001621" startTime="2025-06-20T16:59:16.3241773-03:00" endTime="2025-06-20T16:59:16.3241774-03:00" testType="13cdc9d9-ddb5-4fa4-a97d-d965ccfc6d4b" outcome="Passed" testListId="8c84fa94-04c1-424b-9868-57a2d4851a1d" relativeResultsDirectory="5b8d2ad4-52c8-435e-a3a6-d17f943a8578" />
  </Results>
  <TestDefinitions>
    <UnitTest name="GameGuild.Tests.Modules.Project.Unit.Services.ProjectPermissionTests.ProjectPermission_AllPermissions_ShouldReturnFalseWhenNotValid(permissionType: Edit)" storage="w:\repositories\game-guild\game-guild\apps\cms\bin\debug\net9.0\cms.dll" id="1d87c287-2713-3e6f-e2e5-cdd40c83cec0">
      <Execution id="835be930-1fcf-4559-87b8-e4c14bff0f9a" />
      <TestMethod codeBase="W:\repositories\game-guild\game-guild\apps\cms\bin\Debug\net9.0\cms.dll" adapterTypeName="executor://xunit/VsTestRunner2/netcoreapp" className="GameGuild.Tests.Modules.Project.Unit.Services.ProjectPermissionTests" name="ProjectPermission_AllPermissions_ShouldReturnFalseWhenNotValid" />
    </UnitTest>
    <UnitTest name="GameGuild.Tests.Modules.Project.Unit.Services.ProjectPermissionTests.ProjectPermission_CanDelete_ShouldReturnTrueWhenHasDeletePermissionAndValid" storage="w:\repositories\game-guild\game-guild\apps\cms\bin\debug\net9.0\cms.dll" id="e5682125-2df6-a281-8b8e-f605a2d4c53f">
      <Execution id="a0b8ff85-af59-4eb3-8674-6685d93045bd" />
      <TestMethod codeBase="W:\repositories\game-guild\game-guild\apps\cms\bin\Debug\net9.0\cms.dll" adapterTypeName="executor://xunit/VsTestRunner2/netcoreapp" className="GameGuild.Tests.Modules.Project.Unit.Services.ProjectPermissionTests" name="ProjectPermission_CanDelete_ShouldReturnTrueWhenHasDeletePermissionAndValid" />
    </UnitTest>
    <UnitTest name="GameGuild.Tests.Modules.Project.Unit.Services.ProjectPermissionTests.ProjectPermission_CanModerate_ShouldReturnTrueWhenHasReviewPermissionAndValid" storage="w:\repositories\game-guild\game-guild\apps\cms\bin\debug\net9.0\cms.dll" id="2bbabc27-39bd-78de-9bcc-47f7ccae0357">
      <Execution id="5b8d2ad4-52c8-435e-a3a6-d17f943a8578" />
      <TestMethod codeBase="W:\repositories\game-guild\game-guild\apps\cms\bin\Debug\net9.0\cms.dll" adapterTypeName="executor://xunit/VsTestRunner2/netcoreapp" className="GameGuild.Tests.Modules.Project.Unit.Services.ProjectPermissionTests" name="ProjectPermission_CanModerate_ShouldReturnTrueWhenHasReviewPermissionAndValid" />
    </UnitTest>
    <UnitTest name="GameGuild.Tests.Modules.Project.Unit.Services.ProjectPermissionTests.ProjectPermission_CanEdit_ShouldReturnFalseWhenInvalid" storage="w:\repositories\game-guild\game-guild\apps\cms\bin\debug\net9.0\cms.dll" id="a3ccddb9-b40f-612f-f4ec-2b12c328a78e">
      <Execution id="108bf529-b3b8-42ba-9869-73708ecc1adc" />
      <TestMethod codeBase="W:\repositories\game-guild\game-guild\apps\cms\bin\Debug\net9.0\cms.dll" adapterTypeName="executor://xunit/VsTestRunner2/netcoreapp" className="GameGuild.Tests.Modules.Project.Unit.Services.ProjectPermissionTests" name="ProjectPermission_CanEdit_ShouldReturnFalseWhenInvalid" />
    </UnitTest>
    <UnitTest name="GameGuild.Tests.Modules.Project.Unit.Services.ProjectPermissionTests.ProjectPermission_AllPermissions_ShouldReturnFalseWhenNotValid(permissionType: Read)" storage="w:\repositories\game-guild\game-guild\apps\cms\bin\debug\net9.0\cms.dll" id="1f2150df-b939-f194-603e-ae141495f000">
      <Execution id="d92f92fd-54da-40c4-b503-0cf70eba5f1d" />
      <TestMethod codeBase="W:\repositories\game-guild\game-guild\apps\cms\bin\Debug\net9.0\cms.dll" adapterTypeName="executor://xunit/VsTestRunner2/netcoreapp" className="GameGuild.Tests.Modules.Project.Unit.Services.ProjectPermissionTests" name="ProjectPermission_AllPermissions_ShouldReturnFalseWhenNotValid" />
    </UnitTest>
    <UnitTest name="GameGuild.Tests.Modules.Project.Unit.Services.ProjectPermissionTests.ProjectPermission_AllPermissions_ShouldReturnFalseWhenNotValid(permissionType: Publish)" storage="w:\repositories\game-guild\game-guild\apps\cms\bin\debug\net9.0\cms.dll" id="b1ed952b-0906-9114-cb7d-06c16d26a2f5">
      <Execution id="8beac44f-c053-4aab-9925-72e86240fc19" />
      <TestMethod codeBase="W:\repositories\game-guild\game-guild\apps\cms\bin\Debug\net9.0\cms.dll" adapterTypeName="executor://xunit/VsTestRunner2/netcoreapp" className="GameGuild.Tests.Modules.Project.Unit.Services.ProjectPermissionTests" name="ProjectPermission_AllPermissions_ShouldReturnFalseWhenNotValid" />
    </UnitTest>
    <UnitTest name="GameGuild.Tests.Modules.Project.Unit.Services.ProjectPermissionTests.ProjectPermission_CanArchive_ShouldReturnTrueWhenHasArchivePermissionAndValid" storage="w:\repositories\game-guild\game-guild\apps\cms\bin\debug\net9.0\cms.dll" id="e2fcb311-4a33-5cb0-22ee-471bc3a85310">
      <Execution id="8d567c28-9400-471a-9427-3b63c5bd959f" />
      <TestMethod codeBase="W:\repositories\game-guild\game-guild\apps\cms\bin\Debug\net9.0\cms.dll" adapterTypeName="executor://xunit/VsTestRunner2/netcoreapp" className="GameGuild.Tests.Modules.Project.Unit.Services.ProjectPermissionTests" name="ProjectPermission_CanArchive_ShouldReturnTrueWhenHasArchivePermissionAndValid" />
    </UnitTest>
    <UnitTest name="GameGuild.Tests.Modules.Project.Unit.Services.ProjectPermissionTests.ProjectPermission_ShouldHaveCorrectTableConfiguration" storage="w:\repositories\game-guild\game-guild\apps\cms\bin\debug\net9.0\cms.dll" id="5c5d57ac-5ded-fce3-ec66-48df196ae769">
      <Execution id="e1da649d-488a-4d45-8bbf-b24adb0eb48a" />
      <TestMethod codeBase="W:\repositories\game-guild\game-guild\apps\cms\bin\Debug\net9.0\cms.dll" adapterTypeName="executor://xunit/VsTestRunner2/netcoreapp" className="GameGuild.Tests.Modules.Project.Unit.Services.ProjectPermissionTests" name="ProjectPermission_ShouldHaveCorrectTableConfiguration" />
    </UnitTest>
    <UnitTest name="GameGuild.Tests.Modules.Project.Unit.Services.ProjectPermissionTests.ProjectPermission_CanViewAnalytics_ShouldReturnTrueWhenHasAnalyticsPermissionAndValid" storage="w:\repositories\game-guild\game-guild\apps\cms\bin\debug\net9.0\cms.dll" id="cf422caa-ae88-777c-c0e9-7f66ca103833">
      <Execution id="75e475ca-c8ef-4bf1-a02a-b394a42342cc" />
      <TestMethod codeBase="W:\repositories\game-guild\game-guild\apps\cms\bin\Debug\net9.0\cms.dll" adapterTypeName="executor://xunit/VsTestRunner2/netcoreapp" className="GameGuild.Tests.Modules.Project.Unit.Services.ProjectPermissionTests" name="ProjectPermission_CanViewAnalytics_ShouldReturnTrueWhenHasAnalyticsPermissionAndValid" />
    </UnitTest>
    <UnitTest name="GameGuild.Tests.Modules.Project.Unit.Services.ProjectPermissionTests.ProjectPermission_WhenNoPermissions_ShouldReturnFalseForAllProperties" storage="w:\repositories\game-guild\game-guild\apps\cms\bin\debug\net9.0\cms.dll" id="aebac770-40a9-81ed-d7b8-ce718bebcc8b">
      <Execution id="69515b39-c7d7-4594-8d45-08dc78e1c2c6" />
      <TestMethod codeBase="W:\repositories\game-guild\game-guild\apps\cms\bin\Debug\net9.0\cms.dll" adapterTypeName="executor://xunit/VsTestRunner2/netcoreapp" className="GameGuild.Tests.Modules.Project.Unit.Services.ProjectPermissionTests" name="ProjectPermission_WhenNoPermissions_ShouldReturnFalseForAllProperties" />
    </UnitTest>
    <UnitTest name="GameGuild.Tests.Modules.Project.Unit.Services.ProjectPermissionTests.ProjectPermission_CanManageCollaborators_ShouldReturnTrueWhenHasSharePermissionAndValid" storage="w:\repositories\game-guild\game-guild\apps\cms\bin\debug\net9.0\cms.dll" id="ccf4a042-e2b6-b6a4-d260-2ec5ec4ae20d">
      <Execution id="0af60e31-f7ec-4cac-9ff4-213334528e99" />
      <TestMethod codeBase="W:\repositories\game-guild\game-guild\apps\cms\bin\Debug\net9.0\cms.dll" adapterTypeName="executor://xunit/VsTestRunner2/netcoreapp" className="GameGuild.Tests.Modules.Project.Unit.Services.ProjectPermissionTests" name="ProjectPermission_CanManageCollaborators_ShouldReturnTrueWhenHasSharePermissionAndValid" />
    </UnitTest>
    <UnitTest name="GameGuild.Tests.Modules.Project.Unit.Services.ProjectPermissionTests.ProjectPermission_ShouldInheritFromResourcePermission" storage="w:\repositories\game-guild\game-guild\apps\cms\bin\debug\net9.0\cms.dll" id="cb942995-8097-3cac-c7fb-4c2ce5cc0934">
      <Execution id="9784c8aa-404b-4f2f-a634-051eb3f02820" />
      <TestMethod codeBase="W:\repositories\game-guild\game-guild\apps\cms\bin\Debug\net9.0\cms.dll" adapterTypeName="executor://xunit/VsTestRunner2/netcoreapp" className="GameGuild.Tests.Modules.Project.Unit.Services.ProjectPermissionTests" name="ProjectPermission_ShouldInheritFromResourcePermission" />
    </UnitTest>
    <UnitTest name="GameGuild.Tests.Modules.Project.Unit.Services.ProjectPermissionTests.ProjectPermission_CanTransferOwnership_ShouldReturnTrueWhenHasLicensePermissionAndValid" storage="w:\repositories\game-guild\game-guild\apps\cms\bin\debug\net9.0\cms.dll" id="bca673c3-43f5-88db-6f59-c813f6b390ac">
      <Execution id="28b1d0e5-602c-4b4b-a42f-dc658284a043" />
      <TestMethod codeBase="W:\repositories\game-guild\game-guild\apps\cms\bin\Debug\net9.0\cms.dll" adapterTypeName="executor://xunit/VsTestRunner2/netcoreapp" className="GameGuild.Tests.Modules.Project.Unit.Services.ProjectPermissionTests" name="ProjectPermission_CanTransferOwnership_ShouldReturnTrueWhenHasLicensePermissionAndValid" />
    </UnitTest>
    <UnitTest name="GameGuild.Tests.Modules.Project.Unit.Services.ProjectPermissionTests.ProjectPermission_CanEdit_ShouldReturnTrueWhenHasEditPermissionAndValid" storage="w:\repositories\game-guild\game-guild\apps\cms\bin\debug\net9.0\cms.dll" id="3ff54c73-51b6-44f7-9c44-a7d9d60ecdc3">
      <Execution id="d32d5a51-e552-4a7d-9708-4d4eaa7ce8db" />
      <TestMethod codeBase="W:\repositories\game-guild\game-guild\apps\cms\bin\Debug\net9.0\cms.dll" adapterTypeName="executor://xunit/VsTestRunner2/netcoreapp" className="GameGuild.Tests.Modules.Project.Unit.Services.ProjectPermissionTests" name="ProjectPermission_CanEdit_ShouldReturnTrueWhenHasEditPermissionAndValid" />
    </UnitTest>
    <UnitTest name="GameGuild.Tests.Modules.Project.Unit.Services.ProjectPermissionTests.ProjectPermission_CanFork_ShouldReturnTrueWhenHasClonePermissionAndValid" storage="w:\repositories\game-guild\game-guild\apps\cms\bin\debug\net9.0\cms.dll" id="13b162c1-df88-ec28-07b6-7519e8aefc18">
      <Execution id="f190a107-5dac-45b7-a5d5-6a4adaca53f7" />
      <TestMethod codeBase="W:\repositories\game-guild\game-guild\apps\cms\bin\Debug\net9.0\cms.dll" adapterTypeName="executor://xunit/VsTestRunner2/netcoreapp" className="GameGuild.Tests.Modules.Project.Unit.Services.ProjectPermissionTests" name="ProjectPermission_CanFork_ShouldReturnTrueWhenHasClonePermissionAndValid" />
    </UnitTest>
    <UnitTest name="GameGuild.Tests.Modules.Project.Unit.Services.ProjectPermissionTests.ProjectPermission_WithMultiplePermissions_ShouldReturnTrueForAll" storage="w:\repositories\game-guild\game-guild\apps\cms\bin\debug\net9.0\cms.dll" id="c9bc91d3-a195-eded-788f-b2a31855c691">
      <Execution id="36ce7c63-b3bb-4be8-8fe0-4e67f513d4f8" />
      <TestMethod codeBase="W:\repositories\game-guild\game-guild\apps\cms\bin\Debug\net9.0\cms.dll" adapterTypeName="executor://xunit/VsTestRunner2/netcoreapp" className="GameGuild.Tests.Modules.Project.Unit.Services.ProjectPermissionTests" name="ProjectPermission_WithMultiplePermissions_ShouldReturnTrueForAll" />
    </UnitTest>
    <UnitTest name="GameGuild.Tests.Modules.Project.Unit.Services.ProjectPermissionTests.ProjectPermission_AllPermissions_ShouldReturnFalseWhenNotValid(permissionType: Delete)" storage="w:\repositories\game-guild\game-guild\apps\cms\bin\debug\net9.0\cms.dll" id="31a42d80-3baa-67d8-1c75-6ed8c6843f5d">
      <Execution id="8806cc3b-4a44-4b84-80c3-266239347cf2" />
      <TestMethod codeBase="W:\repositories\game-guild\game-guild\apps\cms\bin\Debug\net9.0\cms.dll" adapterTypeName="executor://xunit/VsTestRunner2/netcoreapp" className="GameGuild.Tests.Modules.Project.Unit.Services.ProjectPermissionTests" name="ProjectPermission_AllPermissions_ShouldReturnFalseWhenNotValid" />
    </UnitTest>
    <UnitTest name="GameGuild.Tests.Modules.Project.Unit.Services.ProjectPermissionTests.ProjectPermission_CanPublish_ShouldReturnTrueWhenHasPublishPermissionAndValid" storage="w:\repositories\game-guild\game-guild\apps\cms\bin\debug\net9.0\cms.dll" id="e653e889-0fb1-bdd5-cdd8-ff024c113bf4">
      <Execution id="41070186-ae4c-4761-9051-7bc48bf55a24" />
      <TestMethod codeBase="W:\repositories\game-guild\game-guild\apps\cms\bin\Debug\net9.0\cms.dll" adapterTypeName="executor://xunit/VsTestRunner2/netcoreapp" className="GameGuild.Tests.Modules.Project.Unit.Services.ProjectPermissionTests" name="ProjectPermission_CanPublish_ShouldReturnTrueWhenHasPublishPermissionAndValid" />
    </UnitTest>
    <UnitTest name="GameGuild.Tests.Modules.Project.Unit.Services.ProjectPermissionTests.ProjectPermission_CanCreateReleases_ShouldReturnTrueWhenHasCreatePermissionAndValid" storage="w:\repositories\game-guild\game-guild\apps\cms\bin\debug\net9.0\cms.dll" id="7ab17cb0-c77d-c86b-ed42-cbc47482d862">
      <Execution id="bb6a8a8a-f2b9-4332-8561-84cd02ac0542" />
      <TestMethod codeBase="W:\repositories\game-guild\game-guild\apps\cms\bin\Debug\net9.0\cms.dll" adapterTypeName="executor://xunit/VsTestRunner2/netcoreapp" className="GameGuild.Tests.Modules.Project.Unit.Services.ProjectPermissionTests" name="ProjectPermission_CanCreateReleases_ShouldReturnTrueWhenHasCreatePermissionAndValid" />
    </UnitTest>
    <UnitTest name="GameGuild.Tests.Modules.Project.Unit.Services.ProjectPermissionTests.ProjectPermission_CanDownload_ShouldReturnTrueWhenHasReadPermissionAndValid" storage="w:\repositories\game-guild\game-guild\apps\cms\bin\debug\net9.0\cms.dll" id="6791cb98-5df5-f305-9733-ebc0af69fefa">
      <Execution id="ae368197-39b5-4c00-865e-d71768636a59" />
      <TestMethod codeBase="W:\repositories\game-guild\game-guild\apps\cms\bin\Debug\net9.0\cms.dll" adapterTypeName="executor://xunit/VsTestRunner2/netcoreapp" className="GameGuild.Tests.Modules.Project.Unit.Services.ProjectPermissionTests" name="ProjectPermission_CanDownload_ShouldReturnTrueWhenHasReadPermissionAndValid" />
    </UnitTest>
  </TestDefinitions>
  <TestEntries>
    <TestEntry testId="6791cb98-5df5-f305-9733-ebc0af69fefa" executionId="ae368197-39b5-4c00-865e-d71768636a59" testListId="8c84fa94-04c1-424b-9868-57a2d4851a1d" />
    <TestEntry testId="13b162c1-df88-ec28-07b6-7519e8aefc18" executionId="f190a107-5dac-45b7-a5d5-6a4adaca53f7" testListId="8c84fa94-04c1-424b-9868-57a2d4851a1d" />
    <TestEntry testId="3ff54c73-51b6-44f7-9c44-a7d9d60ecdc3" executionId="d32d5a51-e552-4a7d-9708-4d4eaa7ce8db" testListId="8c84fa94-04c1-424b-9868-57a2d4851a1d" />
    <TestEntry testId="7ab17cb0-c77d-c86b-ed42-cbc47482d862" executionId="bb6a8a8a-f2b9-4332-8561-84cd02ac0542" testListId="8c84fa94-04c1-424b-9868-57a2d4851a1d" />
    <TestEntry testId="1d87c287-2713-3e6f-e2e5-cdd40c83cec0" executionId="835be930-1fcf-4559-87b8-e4c14bff0f9a" testListId="8c84fa94-04c1-424b-9868-57a2d4851a1d" />
    <TestEntry testId="31a42d80-3baa-67d8-1c75-6ed8c6843f5d" executionId="8806cc3b-4a44-4b84-80c3-266239347cf2" testListId="8c84fa94-04c1-424b-9868-57a2d4851a1d" />
    <TestEntry testId="cb942995-8097-3cac-c7fb-4c2ce5cc0934" executionId="9784c8aa-404b-4f2f-a634-051eb3f02820" testListId="8c84fa94-04c1-424b-9868-57a2d4851a1d" />
    <TestEntry testId="e653e889-0fb1-bdd5-cdd8-ff024c113bf4" executionId="41070186-ae4c-4761-9051-7bc48bf55a24" testListId="8c84fa94-04c1-424b-9868-57a2d4851a1d" />
    <TestEntry testId="a3ccddb9-b40f-612f-f4ec-2b12c328a78e" executionId="108bf529-b3b8-42ba-9869-73708ecc1adc" testListId="8c84fa94-04c1-424b-9868-57a2d4851a1d" />
    <TestEntry testId="cf422caa-ae88-777c-c0e9-7f66ca103833" executionId="75e475ca-c8ef-4bf1-a02a-b394a42342cc" testListId="8c84fa94-04c1-424b-9868-57a2d4851a1d" />
    <TestEntry testId="c9bc91d3-a195-eded-788f-b2a31855c691" executionId="36ce7c63-b3bb-4be8-8fe0-4e67f513d4f8" testListId="8c84fa94-04c1-424b-9868-57a2d4851a1d" />
    <TestEntry testId="aebac770-40a9-81ed-d7b8-ce718bebcc8b" executionId="69515b39-c7d7-4594-8d45-08dc78e1c2c6" testListId="8c84fa94-04c1-424b-9868-57a2d4851a1d" />
    <TestEntry testId="e5682125-2df6-a281-8b8e-f605a2d4c53f" executionId="a0b8ff85-af59-4eb3-8674-6685d93045bd" testListId="8c84fa94-04c1-424b-9868-57a2d4851a1d" />
    <TestEntry testId="bca673c3-43f5-88db-6f59-c813f6b390ac" executionId="28b1d0e5-602c-4b4b-a42f-dc658284a043" testListId="8c84fa94-04c1-424b-9868-57a2d4851a1d" />
    <TestEntry testId="5c5d57ac-5ded-fce3-ec66-48df196ae769" executionId="e1da649d-488a-4d45-8bbf-b24adb0eb48a" testListId="8c84fa94-04c1-424b-9868-57a2d4851a1d" />
    <TestEntry testId="e2fcb311-4a33-5cb0-22ee-471bc3a85310" executionId="8d567c28-9400-471a-9427-3b63c5bd959f" testListId="8c84fa94-04c1-424b-9868-57a2d4851a1d" />
    <TestEntry testId="b1ed952b-0906-9114-cb7d-06c16d26a2f5" executionId="8beac44f-c053-4aab-9925-72e86240fc19" testListId="8c84fa94-04c1-424b-9868-57a2d4851a1d" />
    <TestEntry testId="1f2150df-b939-f194-603e-ae141495f000" executionId="d92f92fd-54da-40c4-b503-0cf70eba5f1d" testListId="8c84fa94-04c1-424b-9868-57a2d4851a1d" />
    <TestEntry testId="ccf4a042-e2b6-b6a4-d260-2ec5ec4ae20d" executionId="0af60e31-f7ec-4cac-9ff4-213334528e99" testListId="8c84fa94-04c1-424b-9868-57a2d4851a1d" />
    <TestEntry testId="2bbabc27-39bd-78de-9bcc-47f7ccae0357" executionId="5b8d2ad4-52c8-435e-a3a6-d17f943a8578" testListId="8c84fa94-04c1-424b-9868-57a2d4851a1d" />
  </TestEntries>
  <TestLists>
    <TestList name="Results Not in a List" id="8c84fa94-04c1-424b-9868-57a2d4851a1d" />
    <TestList name="All Loaded Results" id="19431567-8539-422a-85d7-44ee4e166bda" />
  </TestLists>
  <ResultSummary outcome="Completed">
    <Counters total="20" executed="20" passed="20" failed="0" error="0" timeout="0" aborted="0" inconclusive="0" passedButRunAborted="0" notRunnable="0" notExecuted="0" disconnected="0" warning="0" completed="0" inProgress="0" pending="0" />
    <Output>
      <StdOut>[xUnit.net 00:00:00.00] xUnit.net VSTest Adapter v2.4.5+1caef2f33e (64-bit .NET 9.0.5)&#xD;
[xUnit.net 00:00:01.11]   Discovering: cms&#xD;
[xUnit.net 00:00:01.22]   Discovered:  cms&#xD;
[xUnit.net 00:00:01.23]   Starting:    cms&#xD;
[xUnit.net 00:00:01.31]   Finished:    cms&#xD;
</StdOut>
    </Output>
  </ResultSummary>
</TestRun>